#-----------------------------------------------------------
# Vivado v2018.1 (64-bit)
# SW Build 2188600 on Wed Apr  4 18:40:38 MDT 2018
# IP Build 2185939 on Wed Apr  4 20:55:05 MDT 2018
# Start of session at: Sat Aug 29 15:39:47 2026
# Process ID: 6732
# Current directory: C:/Users/prave/cache_subsystem/synth
# Command line: vivado.exe -mode batch -source cache_synth.tcl
# Log file: C:/Users/prave/cache_subsystem/synth/vivado.log
# Journal file: C:/Users/prave/cache_subsystem/synth\vivado.jou
#-----------------------------------------------------------
source cache_synth.tcl
# set part_name    "xc7a35tcpg236-1"   ;
# set rtl_dir      "../rtl"
# set report_dir   "./reports"
# set gates_dir    "./gates"
# file mkdir $report_dir
# file mkdir $gates_dir
# read_verilog -sv $rtl_dir/cache_config_pkg.sv
read_verilog: Time (s): cpu = 00:00:02 ; elapsed = 00:00:05 . Memory (MB): peak = 300.570 ; gain = 67.137
# read_verilog -sv $rtl_dir/cache_interface.sv
# read_verilog -sv $rtl_dir/cache_lru.v
# read_verilog -sv $rtl_dir/cache_tagarray.v
# read_verilog -sv $rtl_dir/cache_dataarray.v
# read_verilog -sv $rtl_dir/cache_controller.v
# set_property top cache_controller [current_fileset]
# synth_design -top cache_controller -part $part_name -mode out_of_context
Command: synth_design -top cache_controller -part xc7a35tcpg236-1 -mode out_of_context
Starting synth_design
Attempting to get a license for feature 'Synthesis' and/or device 'xc7a35t'
INFO: [Common 17-349] Got license for feature 'Synthesis' and/or device 'xc7a35t'
INFO: Launching helper process for spawning children vivado processes
INFO: Helper process launched with PID 12120 
---------------------------------------------------------------------------------
Starting Synthesize : Time (s): cpu = 00:00:05 ; elapsed = 00:00:05 . Memory (MB): peak = 410.730 ; gain = 97.418
---------------------------------------------------------------------------------
INFO: [Synth 8-6157] synthesizing module 'cache_controller' [C:/Users/prave/cache_subsystem/rtl/cache_controller.v:9]
	Parameter ADDR_WIDTH bound to: 32 - type: integer 
	Parameter NUM_SETS bound to: 32 - type: integer 
	Parameter ASSOCIATIVITY bound to: 4 - type: integer 
	Parameter LINE_SIZE_BYTES bound to: 32 - type: integer 
	Parameter TAG_BITS bound to: 20 - type: integer 
	Parameter INDEX_BITS bound to: 5 - type: integer 
	Parameter OFFSET_BITS bound to: 5 - type: integer 
	Parameter WAY_BITS bound to: 2 - type: integer 
	Parameter WRITE_BACK bound to: 1 - type: integer 
	Parameter MISS_PENALTY_CYCLES bound to: 20 - type: integer 
	Parameter WRITEBACK_PENALTY_CYCLES bound to: 10 - type: integer 
	Parameter S_IDLE bound to: 3'b000 
	Parameter S_MISS_WAIT bound to: 3'b001 
	Parameter S_WRITEBACK_WAIT bound to: 3'b010 
	Parameter S_FILL bound to: 3'b011 
INFO: [Synth 8-6157] synthesizing module 'cache_tagarray' [C:/Users/prave/cache_subsystem/rtl/cache_tagarray.v:7]
	Parameter NUM_SETS bound to: 32 - type: integer 
	Parameter ASSOCIATIVITY bound to: 4 - type: integer 
	Parameter TAG_BITS bound to: 20 - type: integer 
	Parameter WAY_BITS bound to: 2 - type: integer 
INFO: [Synth 8-6155] done synthesizing module 'cache_tagarray' (1#1) [C:/Users/prave/cache_subsystem/rtl/cache_tagarray.v:7]
INFO: [Synth 8-6157] synthesizing module 'cache_lru' [C:/Users/prave/cache_subsystem/rtl/cache_lru.v:16]
	Parameter NUM_SETS bound to: 32 - type: integer 
	Parameter ASSOCIATIVITY bound to: 4 - type: integer 
	Parameter WAY_BITS bound to: 2 - type: integer 
	Parameter AGE_BITS bound to: 3 - type: integer 
INFO: [Synth 8-6155] done synthesizing module 'cache_lru' (2#1) [C:/Users/prave/cache_subsystem/rtl/cache_lru.v:16]
INFO: [Synth 8-6157] synthesizing module 'cache_dataarray' [C:/Users/prave/cache_subsystem/rtl/cache_dataarray.v:7]
	Parameter NUM_SETS bound to: 32 - type: integer 
	Parameter ASSOCIATIVITY bound to: 4 - type: integer 
	Parameter LINE_SIZE_BYTES bound to: 32 - type: integer 
	Parameter WAY_BITS bound to: 2 - type: integer 
INFO: [Synth 8-6155] done synthesizing module 'cache_dataarray' (3#1) [C:/Users/prave/cache_subsystem/rtl/cache_dataarray.v:7]
WARNING: [Synth 8-5788] Register lru_access_way_reg in module cache_controller is has both Set and reset with same priority. This may cause simulation mismatches. Consider rewriting code  [C:/Users/prave/cache_subsystem/rtl/cache_controller.v:112]
WARNING: [Synth 8-5788] Register data_byte_offset_reg in module cache_controller is has both Set and reset with same priority. This may cause simulation mismatches. Consider rewriting code  [C:/Users/prave/cache_subsystem/rtl/cache_controller.v:136]
WARNING: [Synth 8-5788] Register data_write_byte_reg in module cache_controller is has both Set and reset with same priority. This may cause simulation mismatches. Consider rewriting code  [C:/Users/prave/cache_subsystem/rtl/cache_controller.v:137]
WARNING: [Synth 8-5788] Register tag_set_dirty_way_reg in module cache_controller is has both Set and reset with same priority. This may cause simulation mismatches. Consider rewriting code  [C:/Users/prave/cache_subsystem/rtl/cache_controller.v:98]
WARNING: [Synth 8-5788] Register data_fill_value_reg in module cache_controller is has both Set and reset with same priority. This may cause simulation mismatches. Consider rewriting code  [C:/Users/prave/cache_subsystem/rtl/cache_controller.v:134]
WARNING: [Synth 8-5788] Register tag_fill_way_reg in module cache_controller is has both Set and reset with same priority. This may cause simulation mismatches. Consider rewriting code  [C:/Users/prave/cache_subsystem/rtl/cache_controller.v:97]
WARNING: [Synth 8-5788] Register tag_fill_tag_reg in module cache_controller is has both Set and reset with same priority. This may cause simulation mismatches. Consider rewriting code  [C:/Users/prave/cache_subsystem/rtl/cache_controller.v:97]
INFO: [Synth 8-6155] done synthesizing module 'cache_controller' (4#1) [C:/Users/prave/cache_subsystem/rtl/cache_controller.v:9]
---------------------------------------------------------------------------------
Finished Synthesize : Time (s): cpu = 00:00:08 ; elapsed = 00:00:09 . Memory (MB): peak = 650.020 ; gain = 336.707
---------------------------------------------------------------------------------
---------------------------------------------------------------------------------
Finished Constraint Validation : Time (s): cpu = 00:00:09 ; elapsed = 00:00:10 . Memory (MB): peak = 650.020 ; gain = 336.707
---------------------------------------------------------------------------------
---------------------------------------------------------------------------------
Start Loading Part and Timing Information
---------------------------------------------------------------------------------
Loading part: xc7a35tcpg236-1
INFO: [Device 21-403] Loading part xc7a35tcpg236-1
---------------------------------------------------------------------------------
Finished Loading Part and Timing Information : Time (s): cpu = 00:00:09 ; elapsed = 00:00:10 . Memory (MB): peak = 650.020 ; gain = 336.707
---------------------------------------------------------------------------------
INFO: [Synth 8-5544] ROM "valid_mem_reg[0][0]" won't be mapped to Block RAM because address size (2) smaller than threshold (5)
INFO: [Synth 8-5544] ROM "valid_mem_reg[0][1]" won't be mapped to Block RAM because address size (2) smaller than threshold (5)
INFO: [Synth 8-5544] ROM "valid_mem_reg[0][2]" won't be mapped to Block RAM because address size (2) smaller than threshold (5)
INFO: [Synth 8-5544] ROM "valid_mem_reg[0][3]" won't be mapped to Block RAM because address size (2) smaller than threshold (5)
INFO: [Synth 8-5546] ROM "age_reg[0][0]" won't be mapped to RAM because it is too sparse
INFO: [Synth 8-5546] ROM "age_reg[1][0]" won't be mapped to RAM because it is too sparse
INFO: [Synth 8-5546] ROM "age_reg[2][0]" won't be mapped to RAM because it is too sparse
INFO: [Synth 8-5546] ROM "age_reg[3][0]" won't be mapped to RAM because it is too sparse
INFO: [Synth 8-5546] ROM "age_reg[4][0]" won't be mapped to RAM because it is too sparse
INFO: [Synth 8-5546] ROM "age_reg[5][0]" won't be mapped to RAM because it is too sparse
INFO: [Synth 8-5546] ROM "age_reg[6][0]" won't be mapped to RAM because it is too sparse
INFO: [Synth 8-5546] ROM "age_reg[7][0]" won't be mapped to RAM because it is too sparse
INFO: [Synth 8-5546] ROM "age_reg[8][0]" won't be mapped to RAM because it is too sparse
INFO: [Synth 8-5546] ROM "age_reg[9][0]" won't be mapped to RAM because it is too sparse
INFO: [Synth 8-5546] ROM "age_reg[10][0]" won't be mapped to RAM because it is too sparse
INFO: [Synth 8-5546] ROM "age_reg[11][0]" won't be mapped to RAM because it is too sparse
INFO: [Synth 8-5546] ROM "age_reg[12][0]" won't be mapped to RAM because it is too sparse
INFO: [Synth 8-5546] ROM "age_reg[13][0]" won't be mapped to RAM because it is too sparse
INFO: [Synth 8-5546] ROM "age_reg[14][0]" won't be mapped to RAM because it is too sparse
INFO: [Synth 8-5546] ROM "age_reg[15][0]" won't be mapped to RAM because it is too sparse
INFO: [Synth 8-5546] ROM "age_reg[16][0]" won't be mapped to RAM because it is too sparse
INFO: [Synth 8-5546] ROM "age_reg[17][0]" won't be mapped to RAM because it is too sparse
INFO: [Synth 8-5546] ROM "age_reg[18][0]" won't be mapped to RAM because it is too sparse
INFO: [Synth 8-5546] ROM "age_reg[19][0]" won't be mapped to RAM because it is too sparse
INFO: [Synth 8-5546] ROM "age_reg[20][0]" won't be mapped to RAM because it is too sparse
INFO: [Synth 8-5546] ROM "age_reg[21][0]" won't be mapped to RAM because it is too sparse
INFO: [Synth 8-5546] ROM "age_reg[22][0]" won't be mapped to RAM because it is too sparse
INFO: [Synth 8-5546] ROM "age_reg[23][0]" won't be mapped to RAM because it is too sparse
INFO: [Synth 8-5546] ROM "age_reg[24][0]" won't be mapped to RAM because it is too sparse
INFO: [Synth 8-5546] ROM "age_reg[25][0]" won't be mapped to RAM because it is too sparse
INFO: [Synth 8-5546] ROM "age_reg[26][0]" won't be mapped to RAM because it is too sparse
INFO: [Synth 8-5546] ROM "age_reg[27][0]" won't be mapped to RAM because it is too sparse
INFO: [Synth 8-5546] ROM "age_reg[28][0]" won't be mapped to RAM because it is too sparse
INFO: [Synth 8-5546] ROM "age_reg[29][0]" won't be mapped to RAM because it is too sparse
INFO: [Synth 8-5546] ROM "age_reg[30][0]" won't be mapped to RAM because it is too sparse
INFO: [Synth 8-5546] ROM "age_reg[31][0]" won't be mapped to RAM because it is too sparse
INFO: [Synth 8-5544] ROM "mem_reg[0][0]" won't be mapped to Block RAM because address size (2) smaller than threshold (5)
INFO: [Synth 8-5544] ROM "mem_reg[0][1]" won't be mapped to Block RAM because address size (2) smaller than threshold (5)
INFO: [Synth 8-5544] ROM "mem_reg[0][2]" won't be mapped to Block RAM because address size (2) smaller than threshold (5)
INFO: [Synth 8-5544] ROM "mem_reg[0][3]" won't be mapped to Block RAM because address size (2) smaller than threshold (5)
INFO: [Synth 8-4471] merging register 'lru_access_valid_reg' into 'resp_valid_reg' [C:/Users/prave/cache_subsystem/rtl/cache_controller.v:110]
INFO: [Synth 8-4471] merging register 'data_fill_en_reg' into 'tag_fill_en_reg' [C:/Users/prave/cache_subsystem/rtl/cache_controller.v:134]
INFO: [Synth 8-4471] merging register 'data_byte_write_en_reg' into 'tag_set_dirty_en_reg' [C:/Users/prave/cache_subsystem/rtl/cache_controller.v:135]
WARNING: [Synth 8-6014] Unused sequential element lru_access_valid_reg was removed.  [C:/Users/prave/cache_subsystem/rtl/cache_controller.v:110]
WARNING: [Synth 8-6014] Unused sequential element data_fill_en_reg was removed.  [C:/Users/prave/cache_subsystem/rtl/cache_controller.v:134]
WARNING: [Synth 8-6014] Unused sequential element data_byte_write_en_reg was removed.  [C:/Users/prave/cache_subsystem/rtl/cache_controller.v:135]
INFO: [Synth 8-802] inferred FSM for state register 'state_reg' in module 'cache_controller'
INFO: [Synth 8-5546] ROM "state" won't be mapped to RAM because it is too sparse
INFO: [Synth 8-5546] ROM "state" won't be mapped to RAM because it is too sparse
INFO: [Synth 8-5546] ROM "wait_counter" won't be mapped to RAM because it is too sparse
INFO: [Synth 8-5544] ROM "busy" won't be mapped to Block RAM because address size (3) smaller than threshold (5)
INFO: [Synth 8-5544] ROM "data_fill_en" won't be mapped to Block RAM because address size (3) smaller than threshold (5)
INFO: [Synth 8-5544] ROM "state" won't be mapped to Block RAM because address size (1) smaller than threshold (5)
---------------------------------------------------------------------------------------------------
                   State |                     New Encoding |                Previous Encoding 
---------------------------------------------------------------------------------------------------
                  S_IDLE |                               00 |                              000
             S_MISS_WAIT |                               01 |                              001
        S_WRITEBACK_WAIT |                               10 |                              010
                  S_FILL |                               11 |                              011
---------------------------------------------------------------------------------------------------
INFO: [Synth 8-3354] encoded FSM with state register 'state_reg' using encoding 'sequential' in module 'cache_controller'
---------------------------------------------------------------------------------
Finished RTL Optimization Phase 2 : Time (s): cpu = 00:00:18 ; elapsed = 00:00:18 . Memory (MB): peak = 788.367 ; gain = 475.055
---------------------------------------------------------------------------------

Report RTL Partitions: 
+------+----------------------+------------+----------+
|      |RTL Partition         |Replication |Instances |
+------+----------------------+------------+----------+
|1     |cache_dataarray__GB0  |           1|     51558|
|2     |cache_dataarray__GB1  |           1|     17962|
|3     |cache_dataarray__GB2  |           1|     20528|
|4     |cache_dataarray__GB3  |           1|     40524|
|5     |cache_dataarray__GB4  |           1|     28226|
|6     |cache_dataarray__GB5  |           1|     20528|
|7     |cache_dataarray__GB6  |           1|     32846|
|8     |cache_dataarray__GB7  |           1|     21278|
|9     |cache_dataarray__GB8  |           1|     17962|
|10    |cache_dataarray__GB9  |           1|     20528|
|11    |cache_dataarray__GB10 |           1|     32846|
|12    |cache_dataarray__GB11 |           1|     21278|
|13    |cache_dataarray__GB12 |           1|     17962|
|14    |cache_dataarray__GB13 |           1|     20121|
|15    |cache_controller__GC0 |           1|     19502|
+------+----------------------+------------+----------+
No constraint files found.
---------------------------------------------------------------------------------
Start RTL Component Statistics 
---------------------------------------------------------------------------------
Detailed RTL Component Info : 
+---Adders : 
	   2 Input     16 Bit       Adders := 1     
	   2 Input      3 Bit       Adders := 4     
+---Registers : 
	              256 Bit    Registers := 129   
	               32 Bit    Registers := 1     
	               20 Bit    Registers := 129   
	               16 Bit    Registers := 1     
	                8 Bit    Registers := 3     
	                5 Bit    Registers := 1     
	                3 Bit    Registers := 128   
	                2 Bit    Registers := 4     
	                1 Bit    Registers := 265   
+---Muxes : 
	   2 Input    256 Bit        Muxes := 513   
	   4 Input    256 Bit        Muxes := 1     
	   4 Input     20 Bit        Muxes := 1     
	   2 Input     20 Bit        Muxes := 1     
	   2 Input     16 Bit        Muxes := 1     
	   4 Input     16 Bit        Muxes := 1     
	   2 Input      8 Bit        Muxes := 1     
	   4 Input      8 Bit        Muxes := 2     
	   4 Input      5 Bit        Muxes := 1     
	   2 Input      5 Bit        Muxes := 1     
	   2 Input      3 Bit        Muxes := 6     
	   2 Input      2 Bit        Muxes := 5     
	   4 Input      2 Bit        Muxes := 2     
	   2 Input      1 Bit        Muxes := 1128  
	   4 Input      1 Bit        Muxes := 15    
---------------------------------------------------------------------------------
Finished RTL Component Statistics 
---------------------------------------------------------------------------------
---------------------------------------------------------------------------------
Start RTL Hierarchical Component Statistics 
---------------------------------------------------------------------------------
Hierarchical RTL Component report 
Module cache_controller 
Detailed RTL Component Info : 
+---Adders : 
	   2 Input     16 Bit       Adders := 1     
+---Registers : 
	              256 Bit    Registers := 1     
	               32 Bit    Registers := 1     
	               20 Bit    Registers := 1     
	               16 Bit    Registers := 1     
	                8 Bit    Registers := 3     
	                5 Bit    Registers := 1     
	                2 Bit    Registers := 4     
	                1 Bit    Registers := 9     
+---Muxes : 
	   2 Input     20 Bit        Muxes := 1     
	   2 Input     16 Bit        Muxes := 1     
	   4 Input     16 Bit        Muxes := 1     
	   2 Input      8 Bit        Muxes := 1     
	   4 Input      8 Bit        Muxes := 2     
	   4 Input      5 Bit        Muxes := 1     
	   2 Input      5 Bit        Muxes := 1     
	   4 Input      2 Bit        Muxes := 2     
	   2 Input      2 Bit        Muxes := 1     
	   2 Input      1 Bit        Muxes := 5     
	   4 Input      1 Bit        Muxes := 13    
Module cache_dataarray 
Detailed RTL Component Info : 
+---Registers : 
	              256 Bit    Registers := 128   
+---Muxes : 
	   2 Input    256 Bit        Muxes := 513   
	   4 Input    256 Bit        Muxes := 1     
	   2 Input      1 Bit        Muxes := 256   
Module cache_tagarray 
Detailed RTL Component Info : 
+---Registers : 
	               20 Bit    Registers := 128   
	                1 Bit    Registers := 256   
+---Muxes : 
	   4 Input     20 Bit        Muxes := 1     
	   2 Input      2 Bit        Muxes := 2     
	   2 Input      1 Bit        Muxes := 707   
	   4 Input      1 Bit        Muxes := 2     
Module cache_lru 
Detailed RTL Component Info : 
+---Adders : 
	   2 Input      3 Bit       Adders := 4     
+---Registers : 
	                3 Bit    Registers := 128   
+---Muxes : 
	   2 Input      3 Bit        Muxes := 6     
	   2 Input      2 Bit        Muxes := 2     
	   2 Input      1 Bit        Muxes := 160   
---------------------------------------------------------------------------------
Finished RTL Hierarchical Component Statistics
---------------------------------------------------------------------------------
---------------------------------------------------------------------------------
Start Part Resource Summary
---------------------------------------------------------------------------------
Part Resources:
DSPs: 90 (col length:60)
BRAMs: 100 (col length: RAMB18 60 RAMB36 30)
---------------------------------------------------------------------------------
Finished Part Resource Summary
---------------------------------------------------------------------------------
INFO: [Synth 8-5580] Multithreading enabled for synth_design using a maximum of 2 processes.
No constraint files found.
---------------------------------------------------------------------------------
Start Cross Boundary and Area Optimization
---------------------------------------------------------------------------------
INFO: [Synth 8-5544] ROM "mem_reg[0][3]" won't be mapped to Block RAM because address size (2) smaller than threshold (5)
INFO: [Synth 8-5544] ROM "mem_reg[0][3]" won't be mapped to Block RAM because address size (2) smaller than threshold (5)
INFO: [Synth 8-5544] ROM "mem_reg[0][3]" won't be mapped to Block RAM because address size (2) smaller than threshold (5)
INFO: [Synth 8-5544] ROM "mem_reg[0][1]" won't be mapped to Block RAM because address size (2) smaller than threshold (5)
INFO: [Synth 8-5544] ROM "mem_reg[0][1]" won't be mapped to Block RAM because address size (2) smaller than threshold (5)
INFO: [Synth 8-5544] ROM "mem_reg[0][1]" won't be mapped to Block RAM because address size (2) smaller than threshold (5)
INFO: [Synth 8-5544] ROM "mem_reg[0][2]" won't be mapped to Block RAM because address size (2) smaller than threshold (5)
INFO: [Synth 8-5544] ROM "mem_reg[0][2]" won't be mapped to Block RAM because address size (2) smaller than threshold (5)
INFO: [Synth 8-5544] ROM "mem_reg[0][2]" won't be mapped to Block RAM because address size (2) smaller than threshold (5)
INFO: [Synth 8-5544] ROM "mem_reg[0][2]" won't be mapped to Block RAM because address size (2) smaller than threshold (5)
INFO: [Synth 8-5544] ROM "mem_reg[0][1]" won't be mapped to Block RAM because address size (2) smaller than threshold (5)
INFO: [Synth 8-5544] ROM "mem_reg[0][0]" won't be mapped to Block RAM because address size (2) smaller than threshold (5)
INFO: [Synth 8-5544] ROM "mem_reg[0][0]" won't be mapped to Block RAM because address size (2) smaller than threshold (5)
INFO: [Synth 8-5544] ROM "mem_reg[0][0]" won't be mapped to Block RAM because address size (2) smaller than threshold (5)
INFO: [Synth 8-5544] ROM "mem_reg[0][0]" won't be mapped to Block RAM because address size (2) smaller than threshold (5)
INFO: [Synth 8-5546] ROM "state" won't be mapped to RAM because it is too sparse
INFO: [Synth 8-5546] ROM "state" won't be mapped to RAM because it is too sparse
INFO: [Synth 8-5546] ROM "wait_counter" won't be mapped to RAM because it is too sparse
INFO: [Synth 8-3886] merging instance 'data_fill_value_reg[0]' (FDE) to 'data_fill_value_reg[1]'
INFO: [Synth 8-3886] merging instance 'data_fill_value_reg[1]' (FDE) to 'data_fill_value_reg[2]'
INFO: [Synth 8-3886] merging instance 'data_fill_value_reg[2]' (FDE) to 'data_fill_value_reg[3]'
INFO: [Synth 8-3886] merging instance 'data_fill_value_reg[3]' (FDE) to 'data_fill_value_reg[4]'
INFO: [Synth 8-3886] merging instance 'data_fill_value_reg[4]' (FDE) to 'data_fill_value_reg[5]'
INFO: [Synth 8-3886] merging instance 'data_fill_value_reg[5]' (FDE) to 'data_fill_value_reg[6]'
INFO: [Synth 8-3886] merging instance 'data_fill_value_reg[6]' (FDE) to 'data_fill_value_reg[7]'
INFO: [Synth 8-3886] merging instance 'data_fill_value_reg[7]' (FDE) to 'data_fill_value_reg[8]'
INFO: [Synth 8-3886] merging instance 'data_fill_value_reg[8]' (FDE) to 'data_fill_value_reg[9]'
INFO: [Synth 8-3886] merging instance 'data_fill_value_reg[9]' (FDE) to 'data_fill_value_reg[10]'
INFO: [Synth 8-3886] merging instance 'data_fill_value_reg[10]' (FDE) to 'data_fill_value_reg[11]'
INFO: [Synth 8-3886] merging instance 'data_fill_value_reg[11]' (FDE) to 'data_fill_value_reg[12]'
INFO: [Synth 8-3886] merging instance 'data_fill_value_reg[12]' (FDE) to 'data_fill_value_reg[13]'
INFO: [Synth 8-3886] merging instance 'data_fill_value_reg[13]' (FDE) to 'data_fill_value_reg[14]'
INFO: [Synth 8-3886] merging instance 'data_fill_value_reg[14]' (FDE) to 'data_fill_value_reg[15]'
INFO: [Synth 8-3886] merging instance 'data_fill_value_reg[15]' (FDE) to 'data_fill_value_reg[16]'
INFO: [Synth 8-3886] merging instance 'data_fill_value_reg[16]' (FDE) to 'data_fill_value_reg[17]'
INFO: [Synth 8-3886] merging instance 'data_fill_value_reg[17]' (FDE) to 'data_fill_value_reg[18]'
INFO: [Synth 8-3886] merging instance 'data_fill_value_reg[18]' (FDE) to 'data_fill_value_reg[19]'
INFO: [Synth 8-3886] merging instance 'data_fill_value_reg[19]' (FDE) to 'data_fill_value_reg[20]'
INFO: [Synth 8-3886] merging instance 'data_fill_value_reg[20]' (FDE) to 'data_fill_value_reg[21]'
INFO: [Synth 8-3886] merging instance 'data_fill_value_reg[21]' (FDE) to 'data_fill_value_reg[22]'
INFO: [Synth 8-3886] merging instance 'data_fill_value_reg[22]' (FDE) to 'data_fill_value_reg[23]'
INFO: [Synth 8-3886] merging instance 'data_fill_value_reg[23]' (FDE) to 'data_fill_value_reg[24]'
INFO: [Synth 8-3886] merging instance 'data_fill_value_reg[24]' (FDE) to 'data_fill_value_reg[25]'
INFO: [Synth 8-3886] merging instance 'data_fill_value_reg[25]' (FDE) to 'data_fill_value_reg[26]'
INFO: [Synth 8-3886] merging instance 'data_fill_value_reg[26]' (FDE) to 'data_fill_value_reg[27]'
INFO: [Synth 8-3886] merging instance 'data_fill_value_reg[27]' (FDE) to 'data_fill_value_reg[28]'
INFO: [Synth 8-3886] merging instance 'data_fill_value_reg[28]' (FDE) to 'data_fill_value_reg[29]'
INFO: [Synth 8-3886] merging instance 'data_fill_value_reg[29]' (FDE) to 'data_fill_value_reg[30]'
INFO: [Synth 8-3886] merging instance 'data_fill_value_reg[30]' (FDE) to 'data_fill_value_reg[31]'
INFO: [Synth 8-3886] merging instance 'data_fill_value_reg[31]' (FDE) to 'data_fill_value_reg[32]'
INFO: [Synth 8-3886] merging instance 'data_fill_value_reg[32]' (FDE) to 'data_fill_value_reg[33]'
INFO: [Synth 8-3886] merging instance 'data_fill_value_reg[33]' (FDE) to 'data_fill_value_reg[34]'
INFO: [Synth 8-3886] merging instance 'data_fill_value_reg[34]' (FDE) to 'data_fill_value_reg[35]'
INFO: [Synth 8-3886] merging instance 'data_fill_value_reg[35]' (FDE) to 'data_fill_value_reg[36]'
INFO: [Synth 8-3886] merging instance 'data_fill_value_reg[36]' (FDE) to 'data_fill_value_reg[37]'
INFO: [Synth 8-3886] merging instance 'data_fill_value_reg[37]' (FDE) to 'data_fill_value_reg[38]'
INFO: [Synth 8-3886] merging instance 'data_fill_value_reg[38]' (FDE) to 'data_fill_value_reg[39]'
INFO: [Synth 8-3886] merging instance 'data_fill_value_reg[39]' (FDE) to 'data_fill_value_reg[40]'
INFO: [Synth 8-3886] merging instance 'data_fill_value_reg[40]' (FDE) to 'data_fill_value_reg[41]'
INFO: [Synth 8-3886] merging instance 'data_fill_value_reg[41]' (FDE) to 'data_fill_value_reg[42]'
INFO: [Synth 8-3886] merging instance 'data_fill_value_reg[42]' (FDE) to 'data_fill_value_reg[43]'
INFO: [Synth 8-3886] merging instance 'data_fill_value_reg[43]' (FDE) to 'data_fill_value_reg[44]'
INFO: [Synth 8-3886] merging instance 'data_fill_value_reg[44]' (FDE) to 'data_fill_value_reg[45]'
INFO: [Synth 8-3886] merging instance 'data_fill_value_reg[45]' (FDE) to 'data_fill_value_reg[46]'
INFO: [Synth 8-3886] merging instance 'data_fill_value_reg[46]' (FDE) to 'data_fill_value_reg[47]'
INFO: [Synth 8-3886] merging instance 'data_fill_value_reg[47]' (FDE) to 'data_fill_value_reg[48]'
INFO: [Synth 8-3886] merging instance 'data_fill_value_reg[48]' (FDE) to 'data_fill_value_reg[49]'
INFO: [Synth 8-3886] merging instance 'data_fill_value_reg[49]' (FDE) to 'data_fill_value_reg[50]'
INFO: [Synth 8-3886] merging instance 'data_fill_value_reg[50]' (FDE) to 'data_fill_value_reg[51]'
INFO: [Synth 8-3886] merging instance 'data_fill_value_reg[51]' (FDE) to 'data_fill_value_reg[52]'
INFO: [Synth 8-3886] merging instance 'data_fill_value_reg[52]' (FDE) to 'data_fill_value_reg[53]'
INFO: [Synth 8-3886] merging instance 'data_fill_value_reg[53]' (FDE) to 'data_fill_value_reg[54]'
INFO: [Synth 8-3886] merging instance 'data_fill_value_reg[54]' (FDE) to 'data_fill_value_reg[55]'
INFO: [Synth 8-3886] merging instance 'data_fill_value_reg[55]' (FDE) to 'data_fill_value_reg[56]'
INFO: [Synth 8-3886] merging instance 'data_fill_value_reg[56]' (FDE) to 'data_fill_value_reg[57]'
INFO: [Synth 8-3886] merging instance 'data_fill_value_reg[57]' (FDE) to 'data_fill_value_reg[58]'
INFO: [Synth 8-3886] merging instance 'data_fill_value_reg[58]' (FDE) to 'data_fill_value_reg[59]'
INFO: [Synth 8-3886] merging instance 'data_fill_value_reg[59]' (FDE) to 'data_fill_value_reg[60]'
INFO: [Synth 8-3886] merging instance 'data_fill_value_reg[60]' (FDE) to 'data_fill_value_reg[61]'
INFO: [Synth 8-3886] merging instance 'data_fill_value_reg[61]' (FDE) to 'data_fill_value_reg[62]'
INFO: [Synth 8-3886] merging instance 'data_fill_value_reg[62]' (FDE) to 'data_fill_value_reg[63]'
INFO: [Synth 8-3886] merging instance 'data_fill_value_reg[63]' (FDE) to 'data_fill_value_reg[64]'
INFO: [Synth 8-3886] merging instance 'data_fill_value_reg[64]' (FDE) to 'data_fill_value_reg[65]'
INFO: [Synth 8-3886] merging instance 'data_fill_value_reg[65]' (FDE) to 'data_fill_value_reg[66]'
INFO: [Synth 8-3886] merging instance 'data_fill_value_reg[66]' (FDE) to 'data_fill_value_reg[67]'
INFO: [Synth 8-3886] merging instance 'data_fill_value_reg[67]' (FDE) to 'data_fill_value_reg[68]'
INFO: [Synth 8-3886] merging instance 'data_fill_value_reg[68]' (FDE) to 'data_fill_value_reg[69]'
INFO: [Synth 8-3886] merging instance 'data_fill_value_reg[69]' (FDE) to 'data_fill_value_reg[70]'
INFO: [Synth 8-3886] merging instance 'data_fill_value_reg[70]' (FDE) to 'data_fill_value_reg[71]'
INFO: [Synth 8-3886] merging instance 'data_fill_value_reg[71]' (FDE) to 'data_fill_value_reg[72]'
INFO: [Synth 8-3886] merging instance 'data_fill_value_reg[72]' (FDE) to 'data_fill_value_reg[73]'
INFO: [Synth 8-3886] merging instance 'data_fill_value_reg[73]' (FDE) to 'data_fill_value_reg[74]'
INFO: [Synth 8-3886] merging instance 'data_fill_value_reg[74]' (FDE) to 'data_fill_value_reg[75]'
INFO: [Synth 8-3886] merging instance 'data_fill_value_reg[75]' (FDE) to 'data_fill_value_reg[76]'
INFO: [Synth 8-3886] merging instance 'data_fill_value_reg[76]' (FDE) to 'data_fill_value_reg[77]'
INFO: [Synth 8-3886] merging instance 'data_fill_value_reg[77]' (FDE) to 'data_fill_value_reg[78]'
INFO: [Synth 8-3886] merging instance 'data_fill_value_reg[78]' (FDE) to 'data_fill_value_reg[79]'
INFO: [Synth 8-3886] merging instance 'data_fill_value_reg[79]' (FDE) to 'data_fill_value_reg[80]'
INFO: [Synth 8-3886] merging instance 'data_fill_value_reg[80]' (FDE) to 'data_fill_value_reg[81]'
INFO: [Synth 8-3886] merging instance 'data_fill_value_reg[81]' (FDE) to 'data_fill_value_reg[82]'
INFO: [Synth 8-3886] merging instance 'data_fill_value_reg[82]' (FDE) to 'data_fill_value_reg[83]'
INFO: [Synth 8-3886] merging instance 'data_fill_value_reg[83]' (FDE) to 'data_fill_value_reg[84]'
INFO: [Synth 8-3886] merging instance 'data_fill_value_reg[84]' (FDE) to 'data_fill_value_reg[85]'
INFO: [Synth 8-3886] merging instance 'data_fill_value_reg[85]' (FDE) to 'data_fill_value_reg[86]'
INFO: [Synth 8-3886] merging instance 'data_fill_value_reg[86]' (FDE) to 'data_fill_value_reg[87]'
INFO: [Synth 8-3886] merging instance 'data_fill_value_reg[87]' (FDE) to 'data_fill_value_reg[88]'
INFO: [Synth 8-3886] merging instance 'data_fill_value_reg[88]' (FDE) to 'data_fill_value_reg[89]'
INFO: [Synth 8-3886] merging instance 'data_fill_value_reg[89]' (FDE) to 'data_fill_value_reg[90]'
INFO: [Synth 8-3886] merging instance 'data_fill_value_reg[90]' (FDE) to 'data_fill_value_reg[91]'
INFO: [Synth 8-3886] merging instance 'data_fill_value_reg[91]' (FDE) to 'data_fill_value_reg[92]'
INFO: [Synth 8-3886] merging instance 'data_fill_value_reg[92]' (FDE) to 'data_fill_value_reg[93]'
INFO: [Synth 8-3886] merging instance 'data_fill_value_reg[93]' (FDE) to 'data_fill_value_reg[94]'
INFO: [Synth 8-3886] merging instance 'data_fill_value_reg[94]' (FDE) to 'data_fill_value_reg[95]'
INFO: [Synth 8-3886] merging instance 'data_fill_value_reg[95]' (FDE) to 'data_fill_value_reg[96]'
INFO: [Synth 8-3886] merging instance 'data_fill_value_reg[96]' (FDE) to 'data_fill_value_reg[97]'
INFO: [Synth 8-3886] merging instance 'data_fill_value_reg[97]' (FDE) to 'data_fill_value_reg[98]'
INFO: [Synth 8-3886] merging instance 'data_fill_value_reg[98]' (FDE) to 'data_fill_value_reg[99]'
INFO: [Synth 8-3886] merging instance 'data_fill_value_reg[99]' (FDE) to 'data_fill_value_reg[100]'
INFO: [Common 17-14] Message 'Synth 8-3886' appears 100 times and further instances of the messages will be disabled. Use the Tcl command set_msg_config to change the current settings.
INFO: [Common 17-14] Message 'Synth 8-3886' appears 100 times and further instances of the messages will be disabled. Use the Tcl command set_msg_config to change the current settings.
INFO: [Synth 8-3333] propagating constant 0 across sequential element (\data_fill_value_reg[255] )
---------------------------------------------------------------------------------
Finished Cross Boundary and Area Optimization : Time (s): cpu = 00:00:52 ; elapsed = 00:01:19 . Memory (MB): peak = 809.195 ; gain = 495.883
---------------------------------------------------------------------------------

Report RTL Partitions: 
+------+----------------------+------------+----------+
|      |RTL Partition         |Replication |Instances |
+------+----------------------+------------+----------+
|1     |cache_dataarray__GB0  |           1|     27223|
|2     |cache_dataarray__GB1  |           1|      7973|
|3     |cache_dataarray__GB2  |           1|      8482|
|4     |cache_dataarray__GB3  |           1|     24278|
|5     |cache_dataarray__GB4  |           1|     12343|
|6     |cache_dataarray__GB5  |           1|      8998|
|7     |cache_dataarray__GB6  |           1|     13891|
|8     |cache_dataarray__GB7  |           1|     13842|
|9     |cache_dataarray__GB8  |           1|      7970|
|10    |cache_dataarray__GB9  |           1|      8484|
|11    |cache_dataarray__GB10 |           1|     13633|
|12    |cache_dataarray__GB11 |           1|     17434|
|13    |cache_dataarray__GB12 |           1|      7976|
|14    |cache_dataarray__GB13 |           1|      3184|
|15    |cache_controller__GC0 |           1|      9712|
+------+----------------------+------------+----------+
No constraint files found.
---------------------------------------------------------------------------------
Start Timing Optimization
---------------------------------------------------------------------------------
---------------------------------------------------------------------------------
Finished Timing Optimization : Time (s): cpu = 00:00:55 ; elapsed = 00:01:23 . Memory (MB): peak = 809.195 ; gain = 495.883
---------------------------------------------------------------------------------

Report RTL Partitions: 
+------+----------------------+------------+----------+
|      |RTL Partition         |Replication |Instances |
+------+----------------------+------------+----------+
|1     |cache_dataarray__GB0  |           1|     18050|
|2     |cache_dataarray__GB1  |           1|      4169|
|3     |cache_dataarray__GB2  |           1|      4678|
|4     |cache_dataarray__GB3  |           1|     17587|
|5     |cache_dataarray__GB4  |           1|      6531|
|6     |cache_dataarray__GB5  |           1|      4752|
|7     |cache_dataarray__GB6  |           1|      6732|
|8     |cache_dataarray__GB7  |           1|     11826|
|9     |cache_dataarray__GB8  |           1|      4166|
|10    |cache_dataarray__GB9  |           1|      4683|
|11    |cache_dataarray__GB10 |           1|      6700|
|12    |cache_dataarray__GB11 |           1|     12282|
|13    |cache_dataarray__GB12 |           1|      4172|
|14    |cache_dataarray__GB13 |           1|      2672|
|15    |cache_controller__GC0 |           1|      9712|
+------+----------------------+------------+----------+
---------------------------------------------------------------------------------
Start Technology Mapping
---------------------------------------------------------------------------------
---------------------------------------------------------------------------------
Finished Technology Mapping : Time (s): cpu = 00:01:01 ; elapsed = 00:01:29 . Memory (MB): peak = 809.195 ; gain = 495.883
---------------------------------------------------------------------------------

Report RTL Partitions: 
+------+----------------------+------------+----------+
|      |RTL Partition         |Replication |Instances |
+------+----------------------+------------+----------+
|1     |cache_dataarray__GB0  |           1|      8271|
|2     |cache_dataarray__GB1  |           1|      2034|
|3     |cache_dataarray__GB2  |           1|      2352|
|4     |cache_dataarray__GB3  |           1|      7502|
|5     |cache_dataarray__GB4  |           1|      3263|
|6     |cache_dataarray__GB5  |           1|      2324|
|7     |cache_dataarray__GB6  |           1|      3261|
|8     |cache_dataarray__GB7  |           1|      5287|
|9     |cache_dataarray__GB8  |           1|      2033|
|10    |cache_dataarray__GB9  |           1|      2359|
|11    |cache_dataarray__GB10 |           1|      3265|
|12    |cache_dataarray__GB11 |           1|      5385|
|13    |cache_dataarray__GB12 |           1|      2034|
|14    |cache_dataarray__GB13 |           1|      2633|
|15    |cache_controller__GC0 |           1|      6089|
+------+----------------------+------------+----------+
---------------------------------------------------------------------------------
Start IO Insertion
---------------------------------------------------------------------------------
---------------------------------------------------------------------------------
Start Flattening Before IO Insertion
---------------------------------------------------------------------------------
---------------------------------------------------------------------------------
Finished Flattening Before IO Insertion
---------------------------------------------------------------------------------
---------------------------------------------------------------------------------
Start Final Netlist Cleanup
---------------------------------------------------------------------------------
---------------------------------------------------------------------------------
Finished Final Netlist Cleanup
---------------------------------------------------------------------------------
---------------------------------------------------------------------------------
Finished IO Insertion : Time (s): cpu = 00:01:09 ; elapsed = 00:01:37 . Memory (MB): peak = 809.195 ; gain = 495.883
---------------------------------------------------------------------------------

Report Check Netlist: 
+------+------------------+-------+---------+-------+------------------+
|      |Item              |Errors |Warnings |Status |Description       |
+------+------------------+-------+---------+-------+------------------+
|1     |multi_driven_nets |      0|        0|Passed |Multi driven nets |
+------+------------------+-------+---------+-------+------------------+
---------------------------------------------------------------------------------
Start Renaming Generated Instances
---------------------------------------------------------------------------------
---------------------------------------------------------------------------------
Finished Renaming Generated Instances : Time (s): cpu = 00:01:09 ; elapsed = 00:01:37 . Memory (MB): peak = 809.195 ; gain = 495.883
---------------------------------------------------------------------------------

Report RTL Partitions: 
+-+--------------+------------+----------+
| |RTL Partition |Replication |Instances |
+-+--------------+------------+----------+
+-+--------------+------------+----------+
---------------------------------------------------------------------------------
Start Rebuilding User Hierarchy
---------------------------------------------------------------------------------
---------------------------------------------------------------------------------
Finished Rebuilding User Hierarchy : Time (s): cpu = 00:01:10 ; elapsed = 00:01:38 . Memory (MB): peak = 809.195 ; gain = 495.883
---------------------------------------------------------------------------------
---------------------------------------------------------------------------------
Start Renaming Generated Ports
---------------------------------------------------------------------------------
---------------------------------------------------------------------------------
Finished Renaming Generated Ports : Time (s): cpu = 00:01:10 ; elapsed = 00:01:38 . Memory (MB): peak = 809.195 ; gain = 495.883
---------------------------------------------------------------------------------
---------------------------------------------------------------------------------
Start Handling Custom Attributes
---------------------------------------------------------------------------------
---------------------------------------------------------------------------------
Finished Handling Custom Attributes : Time (s): cpu = 00:01:11 ; elapsed = 00:01:39 . Memory (MB): peak = 809.195 ; gain = 495.883
---------------------------------------------------------------------------------
---------------------------------------------------------------------------------
Start Renaming Generated Nets
---------------------------------------------------------------------------------
---------------------------------------------------------------------------------
Finished Renaming Generated Nets : Time (s): cpu = 00:01:11 ; elapsed = 00:01:39 . Memory (MB): peak = 809.195 ; gain = 495.883
---------------------------------------------------------------------------------
---------------------------------------------------------------------------------
Start Writing Synthesis Report
---------------------------------------------------------------------------------

Report BlackBoxes: 
+-+--------------+----------+
| |BlackBox name |Instances |
+-+--------------+----------+
+-+--------------+----------+

Report Cell Usage: 
+------+-------+------+
|      |Cell   |Count |
+------+-------+------+
|1     |CARRY4 |    12|
|2     |LUT1   |    34|
|3     |LUT2   |   120|
|4     |LUT3   |   227|
|5     |LUT4   |   533|
|6     |LUT5   |  2002|
|7     |LUT6   | 14086|
|8     |MUXF7  |  4494|
|9     |MUXF8  |   594|
|10    |FDCE   |  3210|
|11    |FDPE   |   128|
|12    |FDRE   | 32820|
+------+-------+------+

Report Instance Areas: 
+------+--------------+----------------+------+
|      |Instance      |Module          |Cells |
+------+--------------+----------------+------+
|1     |top           |                | 58260|
|2     |  u_dataarray |cache_dataarray | 52086|
|3     |  u_lru       |cache_lru       |  1160|
|4     |  u_tagarray  |cache_tagarray  |  4698|
+------+--------------+----------------+------+
---------------------------------------------------------------------------------
Finished Writing Synthesis Report : Time (s): cpu = 00:01:11 ; elapsed = 00:01:39 . Memory (MB): peak = 809.195 ; gain = 495.883
---------------------------------------------------------------------------------
Synthesis finished with 0 errors, 0 critical warnings and 10 warnings.
Synthesis Optimization Runtime : Time (s): cpu = 00:01:11 ; elapsed = 00:01:40 . Memory (MB): peak = 809.195 ; gain = 495.883
Synthesis Optimization Complete : Time (s): cpu = 00:01:11 ; elapsed = 00:01:40 . Memory (MB): peak = 809.195 ; gain = 495.883
INFO: [Project 1-571] Translating synthesized netlist
INFO: [Netlist 29-17] Analyzing 5100 Unisim elements for replacement
INFO: [Netlist 29-28] Unisim Transformation completed in 0 CPU seconds
WARNING: [Netlist 29-101] Netlist 'cache_controller' is not ideal for floorplanning, since the cellview 'cache_dataarray' contains a large number of primitives.  Please consider enabling hierarchy in synthesis if you want to do floorplanning.
INFO: [Project 1-570] Preparing netlist for logic optimization
INFO: [Opt 31-138] Pushed 0 inverter(s) to 0 load pin(s).
INFO: [Project 1-111] Unisim Transformation Summary:
No Unisim elements were transformed.

INFO: [Common 17-83] Releasing license: Synthesis
190 Infos, 11 Warnings, 0 Critical Warnings and 0 Errors encountered.
synth_design completed successfully
synth_design: Time (s): cpu = 00:01:19 ; elapsed = 00:01:51 . Memory (MB): peak = 869.902 ; gain = 569.332
# report_utilization             -file $report_dir/area_breakdown.rpt
report_utilization: Time (s): cpu = 00:00:00 ; elapsed = 00:00:00.426 . Memory (MB): peak = 869.902 ; gain = 0.000
# report_timing_summary          -file $report_dir/timing.rpt
INFO: [Timing 38-35] Done setting XDC timing constraints.
INFO: [Timing 38-91] UpdateTimingParams: Speed grade: -1, Delay Type: min_max.
INFO: [Timing 38-191] Multithreading enabled for timing update using a maximum of 2 CPUs
WARNING: [Timing 38-242] The property HD.CLK_SRC of clock port "clk" is not set. In out-of-context mode, this prevents timing estimation for clock delay/skew
Resolution: Set the HD.CLK_SRC property of the out-of-context port to the location of the clock buffer instance in the top-level design
report_timing_summary: Time (s): cpu = 00:00:20 ; elapsed = 00:00:21 . Memory (MB): peak = 1358.211 ; gain = 488.309
# report_timing -delay_type max -max_paths 10 -file $report_dir/timing_max_paths.rpt
INFO: [Timing 38-91] UpdateTimingParams: Speed grade: -1, Delay Type: max.
INFO: [Timing 38-191] Multithreading enabled for timing update using a maximum of 2 CPUs
INFO: [Timing 38-78] ReportTimingParams: -max_paths 10 -nworst 1 -delay_type max -sort_by slack.
# report_power                   -file $report_dir/power_breakdown.rpt
Command: report_power -file ./reports/power_breakdown.rpt
WARNING: [Power 33-232] No user defined clocks were found in the design!
Resolution: Please specify clocks using create_clock/create_generated_clock for sequential elements. For pure combinatorial circuits, please specify a virtual clock, otherwise the vectorless estimation might be inaccurate
Running Vector-less Activity Propagation...

Finished Running Vector-less Activity Propagation
0 Infos, 1 Warnings, 0 Critical Warnings and 0 Errors encountered.
report_power completed successfully
report_power: Time (s): cpu = 00:00:12 ; elapsed = 00:00:09 . Memory (MB): peak = 1450.180 ; gain = 91.969
# puts "=== Synthesis complete ==="
=== Synthesis complete ===
# puts "Reports written to $report_dir/"
Reports written to ./reports/
# write_verilog -force $gates_dir/cache_controller_synth.v
# write_checkpoint -force $gates_dir/cache_controller_post_synth.dcp
INFO: [Timing 38-480] Writing timing data to binary archive.
INFO: [Common 17-1381] The checkpoint 'C:/Users/prave/cache_subsystem/synth/gates/cache_controller_post_synth.dcp' has been generated.
write_checkpoint: Time (s): cpu = 00:00:08 ; elapsed = 00:00:08 . Memory (MB): peak = 1467.730 ; gain = 17.551
INFO: [Common 17-206] Exiting Vivado at Sat Aug 29 15:42:42 2026...
